[    1157ms] [ERROR] Failed to load resource: the server responded with a status of 500 () @ https://staging.esportra.com/functions/v1/admin-api:0
[    2320ms] [ERROR] Failed to load resource: the server responded with a status of 500 () @ https://staging.esportra.com/functions/v1/admin-api:0
[    6008ms] Error: An unexpected error occurred invoking 'RefreshCounts' on the server.
    at _callbacks.<computed> (https://frontend-staging.esportra.com/assets/vendor-signalr-tCwa1BVW.js:1:19350)
    at A._processIncomingData (https://frontend-staging.esportra.com/assets/vendor-signalr-tCwa1BVW.js:1:20631)
    at A.connection.onreceive (https://frontend-staging.esportra.com/assets/vendor-signalr-tCwa1BVW.js:1:14011)
    at c.onmessage (https://frontend-staging.esportra.com/assets/vendor-signalr-tCwa1BVW.js:1:37922)
[   62619ms] [ERROR] Failed to load resource: the server responded with a status of 500 () @ https://staging.esportra.com/functions/v1/admin-api:0
[   63790ms] [ERROR] Failed to load resource: the server responded with a status of 500 () @ https://staging.esportra.com/functions/v1/admin-api:0
[  124104ms] [ERROR] Failed to load resource: the server responded with a status of 500 () @ https://staging.esportra.com/functions/v1/admin-api:0
[  125248ms] [ERROR] Failed to load resource: the server responded with a status of 500 () @ https://staging.esportra.com/functions/v1/admin-api:0
[  179619ms] [ERROR] Access to fetch at 'https://api-staging.esportra.com/hubs/admin/negotiate?negotiateVersion=1' from origin 'https://frontend-staging.esportra.com' has been blocked by CORS policy: Response to preflight request doesn't pass access control check: No 'Access-Control-Allow-Origin' header is present on the requested resource. @ https://frontend-staging.esportra.com/admin/dashboard:0
[  179619ms] [ERROR] Failed to load resource: net::ERR_FAILED @ https://api-staging.esportra.com/hubs/admin/negotiate?negotiateVersion=1:0
[  179620ms] [ERROR] Access to fetch at 'https://api-staging.esportra.com/hubs/notifications/negotiate?negotiateVersion=1' from origin 'https://frontend-staging.esportra.com' has been blocked by CORS policy: Response to preflight request doesn't pass access control check: No 'Access-Control-Allow-Origin' header is present on the requested resource. @ https://frontend-staging.esportra.com/admin/dashboard:0
[  179620ms] [ERROR] Failed to load resource: net::ERR_FAILED @ https://api-staging.esportra.com/hubs/notifications/negotiate?negotiateVersion=1:0
[  180580ms] [ERROR] Access to fetch at 'https://api-staging.esportra.com/api/profiles/me' from origin 'https://frontend-staging.esportra.com' has been blocked by CORS policy: No 'Access-Control-Allow-Origin' header is present on the requested resource. @ https://frontend-staging.esportra.com/admin/dashboard:0
[  180580ms] [ERROR] Failed to load resource: net::ERR_FAILED @ https://api-staging.esportra.com/api/profiles/me:0
[  181770ms] [ERROR] Access to fetch at 'https://api-staging.esportra.com/hubs/notifications/negotiate?negotiateVersion=1' from origin 'https://frontend-staging.esportra.com' has been blocked by CORS policy: Response to preflight request doesn't pass access control check: No 'Access-Control-Allow-Origin' header is present on the requested resource. @ https://frontend-staging.esportra.com/admin/dashboard:0
[  181770ms] [ERROR] Failed to load resource: net::ERR_FAILED @ https://api-staging.esportra.com/hubs/notifications/negotiate?negotiateVersion=1:0
[  181770ms] [ERROR] Access to fetch at 'https://api-staging.esportra.com/hubs/admin/negotiate?negotiateVersion=1' from origin 'https://frontend-staging.esportra.com' has been blocked by CORS policy: Response to preflight request doesn't pass access control check: No 'Access-Control-Allow-Origin' header is present on the requested resource. @ https://frontend-staging.esportra.com/admin/dashboard:0
[  181770ms] [ERROR] Failed to load resource: net::ERR_FAILED @ https://api-staging.esportra.com/hubs/admin/negotiate?negotiateVersion=1:0
[  185557ms] [ERROR] Failed to load resource: the server responded with a status of 500 () @ https://staging.esportra.com/functions/v1/admin-api:0
[  186703ms] [ERROR] Failed to load resource: the server responded with a status of 500 () @ https://staging.esportra.com/functions/v1/admin-api:0
[  191353ms] [ERROR] Failed to load resource: the server responded with a status of 500 () @ https://staging.esportra.com/functions/v1/admin-api:0
[  192501ms] [ERROR] Failed to load resource: the server responded with a status of 500 () @ https://staging.esportra.com/functions/v1/admin-api:0
[  252797ms] [ERROR] Failed to load resource: the server responded with a status of 500 () @ https://staging.esportra.com/functions/v1/admin-api:0
[  253941ms] [ERROR] Failed to load resource: the server responded with a status of 500 () @ https://staging.esportra.com/functions/v1/admin-api:0
